Test project D:/tinydbms/tinydbms/build-real
    Start 15: tinydbms.buffer_pool_prefetch
    Test #15: tinydbms.buffer_pool_prefetch ....   Passed    0.07 sec
    Start 15: tinydbms.buffer_pool_prefetch
    Test #15: tinydbms.buffer_pool_prefetch ....   Passed    0.04 sec
    Start 15: tinydbms.buffer_pool_prefetch
    Test #15: tinydbms.buffer_pool_prefetch ....   Passed    0.04 sec
    Start 15: tinydbms.buffer_pool_prefetch
    Test #15: tinydbms.buffer_pool_prefetch ....   Passed    0.04 sec
    Start 15: tinydbms.buffer_pool_prefetch
    Test #15: tinydbms.buffer_pool_prefetch ....   Passed    0.04 sec
    Start 15: tinydbms.buffer_pool_prefetch
    Test #15: tinydbms.buffer_pool_prefetch ....   Passed    0.04 sec
    Start 15: tinydbms.buffer_pool_prefetch
    Test #15: tinydbms.buffer_pool_prefetch ....   Passed    0.05 sec
    Start 15: tinydbms.buffer_pool_prefetch
    Test #15: tinydbms.buffer_pool_prefetch ....   Passed    0.05 sec
    Start 15: tinydbms.buffer_pool_prefetch
    Test #15: tinydbms.buffer_pool_prefetch ....   Passed    0.05 sec
    Start 15: tinydbms.buffer_pool_prefetch
    Test #15: tinydbms.buffer_pool_prefetch ....   Passed    0.04 sec
    Start 15: tinydbms.buffer_pool_prefetch
    Test #15: tinydbms.buffer_pool_prefetch ....   Passed    0.04 sec
    Start 15: tinydbms.buffer_pool_prefetch
    Test #15: tinydbms.buffer_pool_prefetch ....   Passed    0.04 sec
    Start 15: tinydbms.buffer_pool_prefetch
    Test #15: tinydbms.buffer_pool_prefetch ....   Passed    0.04 sec
    Start 15: tinydbms.buffer_pool_prefetch
    Test #15: tinydbms.buffer_pool_prefetch ....   Passed    0.04 sec
    Start 15: tinydbms.buffer_pool_prefetch
    Test #15: tinydbms.buffer_pool_prefetch ....   Passed    0.04 sec
    Start 15: tinydbms.buffer_pool_prefetch
    Test #15: tinydbms.buffer_pool_prefetch ....   Passed    0.04 sec
    Start 15: tinydbms.buffer_pool_prefetch
    Test #15: tinydbms.buffer_pool_prefetch ....   Passed    0.04 sec
    Start 15: tinydbms.buffer_pool_prefetch
    Test #15: tinydbms.buffer_pool_prefetch ....   Passed    0.04 sec
    Start 15: tinydbms.buffer_pool_prefetch
    Test #15: tinydbms.buffer_pool_prefetch ....   Passed    0.04 sec
    Start 15: tinydbms.buffer_pool_prefetch
    Test #15: tinydbms.buffer_pool_prefetch ....   Passed    0.04 sec
    Start 15: tinydbms.buffer_pool_prefetch
    Test #15: tinydbms.buffer_pool_prefetch ....   Passed    0.04 sec
    Start 15: tinydbms.buffer_pool_prefetch
    Test #15: tinydbms.buffer_pool_prefetch ....   Passed    0.04 sec
    Start 15: tinydbms.buffer_pool_prefetch
    Test #15: tinydbms.buffer_pool_prefetch ....   Passed    0.04 sec
    Start 15: tinydbms.buffer_pool_prefetch
    Test #15: tinydbms.buffer_pool_prefetch ....   Passed    0.04 sec
    Start 15: tinydbms.buffer_pool_prefetch
    Test #15: tinydbms.buffer_pool_prefetch ....   Passed    0.04 sec
    Start 15: tinydbms.buffer_pool_prefetch
    Test #15: tinydbms.buffer_pool_prefetch ....   Passed    0.04 sec
    Start 15: tinydbms.buffer_pool_prefetch
    Test #15: tinydbms.buffer_pool_prefetch ....   Passed    0.04 sec
    Start 15: tinydbms.buffer_pool_prefetch
    Test #15: tinydbms.buffer_pool_prefetch ....   Passed    0.04 sec
    Start 15: tinydbms.buffer_pool_prefetch
    Test #15: tinydbms.buffer_pool_prefetch ....   Passed    0.04 sec
    Start 15: tinydbms.buffer_pool_prefetch
    Test #15: tinydbms.buffer_pool_prefetch ....   Passed    0.04 sec
    Start 15: tinydbms.buffer_pool_prefetch
    Test #15: tinydbms.buffer_pool_prefetch ....   Passed    0.13 sec
    Start 15: tinydbms.buffer_pool_prefetch
    Test #15: tinydbms.buffer_pool_prefetch ....   Passed    0.04 sec
    Start 15: tinydbms.buffer_pool_prefetch
    Test #15: tinydbms.buffer_pool_prefetch ....   Passed    0.04 sec
    Start 15: tinydbms.buffer_pool_prefetch
    Test #15: tinydbms.buffer_pool_prefetch ....   Passed    0.04 sec
    Start 15: tinydbms.buffer_pool_prefetch
    Test #15: tinydbms.buffer_pool_prefetch ....   Passed    0.04 sec
    Start 15: tinydbms.buffer_pool_prefetch
    Test #15: tinydbms.buffer_pool_prefetch ....   Passed    0.04 sec
    Start 15: tinydbms.buffer_pool_prefetch
    Test #15: tinydbms.buffer_pool_prefetch ....   Passed    0.04 sec
    Start 15: tinydbms.buffer_pool_prefetch
    Test #15: tinydbms.buffer_pool_prefetch ....   Passed    0.04 sec
    Start 15: tinydbms.buffer_pool_prefetch
    Test #15: tinydbms.buffer_pool_prefetch ....   Passed    0.04 sec
    Start 15: tinydbms.buffer_pool_prefetch
    Test #15: tinydbms.buffer_pool_prefetch ....   Passed    0.04 sec
    Start 15: tinydbms.buffer_pool_prefetch
    Test #15: tinydbms.buffer_pool_prefetch ....   Passed    0.04 sec
    Start 15: tinydbms.buffer_pool_prefetch
    Test #15: tinydbms.buffer_pool_prefetch ....   Passed    0.04 sec
    Start 15: tinydbms.buffer_pool_prefetch
    Test #15: tinydbms.buffer_pool_prefetch ....   Passed    0.04 sec
    Start 15: tinydbms.buffer_pool_prefetch
    Test #15: tinydbms.buffer_pool_prefetch ....   Passed    0.04 sec
    Start 15: tinydbms.buffer_pool_prefetch
    Test #15: tinydbms.buffer_pool_prefetch ....   Passed    0.04 sec
    Start 15: tinydbms.buffer_pool_prefetch
    Test #15: tinydbms.buffer_pool_prefetch ....   Passed    0.04 sec
    Start 15: tinydbms.buffer_pool_prefetch
    Test #15: tinydbms.buffer_pool_prefetch ....   Passed    0.04 sec
    Start 15: tinydbms.buffer_pool_prefetch
    Test #15: tinydbms.buffer_pool_prefetch ....   Passed    0.04 sec
    Start 15: tinydbms.buffer_pool_prefetch
    Test #15: tinydbms.buffer_pool_prefetch ....   Passed    0.05 sec
    Start 15: tinydbms.buffer_pool_prefetch
1/1 Test #15: tinydbms.buffer_pool_prefetch ....   Passed    0.04 sec

100% tests passed out of 1

Total Test time (real) =   2.23 sec
